Microchip MPLAB XC8 Compiler V2.32

Linker command line:

-W-3 --edf=C:\Program Files\Microchip\xc8\v2.32\pic\dat\en_msgs.txt -cn \
  -h+dist/default/production\projeto_final.X.production.sym \
  --cmf=dist/default/production\projeto_final.X.production.cmf -z -Q18F4520 \
  -oC:\Users\bruno\AppData\Local\Temp\xcAsc20.4 --defsym=__MPLAB_BUILD=1 \
  -Mdist/default/production/projeto_final.X.production.map -E1 \
  -ver=XC8 Compiler --acfsm=1493 -ASTACK=02F0h-05FFh -pstack=STACK \
  -ACODE=00h-07FFFh -ACONST=00h-07FFFh -ASMALLCONST=0600h-06FFhx122 \
  -AMEDIUMCONST=0600h-07FFFh -ACOMRAM=01h-07Fh -AABS1=00h-05FFh \
  -ABIGRAM=01h-05FFh -ARAM=080h-0FFh,0100h-01FFhx5 -ABANK0=080h-0FFh \
  -ABANK1=0100h-01FFh -ABANK2=0200h-02FFh -ABANK3=0300h-03FFh \
  -ABANK4=0400h-04FFh -ABANK5=0500h-05FFh -ASFR=0F80h-0FFFh \
  -ACONFIG=0300000h-030000Dh -AIDLOC=0200000h-0200007h \
  -AEEDATA=0F00000h-0F000FFh -peeprom_data=EEDATA \
  -preset_vec=00h,intcode,intcodelo,powerup,init -pramtop=0600h \
  -psmallconst=SMALLCONST -pmediumconst=MEDIUMCONST -pconst=CONST \
  -AFARRAM=00h-00h \
  -prdata=COMRAM,nvrram=COMRAM,nvbit=COMRAM,rbss=COMRAM,rbit=COMRAM \
  -pfarbss=FARRAM,fardata=FARRAM,nvFARRAM=FARRAM \
  -pintsave_regs=BIGRAM,bigbss=BIGRAM,bigdata=BIGRAM -pbss=RAM \
  -pidata=CODE,irdata=CODE,ibigdata=CODE,ifardata=CODE -prparam=COMRAM \
  C:\Users\bruno\AppData\Local\Temp\xcAsc20.o \
  dist/default/production\projeto_final.X.production.o 

Object code version is 3.11

Machine type is 18F4520



                Name                               Link     Load   Length Selector   Space Scale
C:\Users\bruno\AppData\Local\Temp\xcAsc20.o
                idloc                            200000   200000        8        0       5
                config                           300000   300000        E        0       4
                init                                  0        0        4        0       0
dist/default/production\projeto_final.X.production.o
                idloc                            200000   200000        8        0       5
                config                           300000   300000        E        0       4
                text27                             572A     572A       88     2B95       0
                text26                             5900     5900       C4     2C80       0
                text25                             5850     5850       B0     2C28       0
                text24                             53FE     53FE       64     29FF       0
                text23                             5C5C     5C5C      17A     2E2E       0
                text22                             5222     5222        A     2911       0
                text21                             522C     522C        A     2916       0
                text20                             5294     5294       18     294A       0
                text19                             5DD6     5DD6      24E     2EEB       0
                text18                             52EE     52EE       54     2977       0
                text17                             52AC     52AC       1C     2956       0
                text16                             562A     562A       7E     2B15       0
                text15                             6024     6024      24E     3012       0
                text14                             55B2     55B2       78     2AD9       0
                text13                             526C     526C       14     2936       0
                text12                             553E     553E       74     2A9F       0
                text11                             52C8     52C8       26     2964       0
                text10                             5462     5462       6C     2A31       0
                text9                              5240     5240        C     2920       0
                text8                              5236     5236        A     291B       0
                text7                              539E     539E       60     29CF       0
                text6                              56A8     56A8       82     2B54       0
                text5                              524C     524C       10     2926       0
                text4                              525C     525C       10     292E       0
                text3                              5342     5342       5C     29A1       0
                text2                              5A94     5A94       D8     2D4A       0
                text1                              6272     6272      96E     3139       0
                text0                              6BE0     6BE0     1420     35F0       0
                cstackCOMRAM                         4A       4A       1A        1       1
                dataBANK2                           200      200       F0      200       1
                dataBANK1                           100      100       D0      100       1
                dataBANK0                            80       80       70       80       1
                bssBANK0                             F0       F0       10       80       1
                dataCOMRAM                           64       64       14        1       1
                bssCOMRAM                             1        1       49        1       1
                cinit                              57B2     57B2       9E     2BD9       0
                idataBANK2                         5B6C     5B6C       F0     5B6C       0
                idataBANK1                         59C4     59C4       D0     59C4       0
                idataBANK0                         54CE     54CE       70     54CE       0
                idataCOMRAM                        5280     5280       14     5280       0

TOTAL           Name                               Link     Load   Length     Space
        CLASS   STACK          

        CLASS   CODE           
                init                                  0        0        4         0
                text27                             572A     572A       88         0
                text26                             5900     5900       C4         0
                text25                             5850     5850       B0         0
                text24                             53FE     53FE       64         0
                text23                             5C5C     5C5C      17A         0
                text22                             5222     5222        A         0
                text21                             522C     522C        A         0
                text20                             5294     5294       18         0
                text19                             5DD6     5DD6      24E         0
                text18                             52EE     52EE       54         0
                text17                             52AC     52AC       1C         0
                text16                             562A     562A       7E         0
                text15                             6024     6024      24E         0
                text14                             55B2     55B2       78         0
                text13                             526C     526C       14         0
                text12                             553E     553E       74         0
                text11                             52C8     52C8       26         0
                text10                             5462     5462       6C         0
                text9                              5240     5240        C         0
                text8                              5236     5236        A         0
                text7                              539E     539E       60         0
                text6                              56A8     56A8       82         0
                text5                              524C     524C       10         0
                text4                              525C     525C       10         0
                text3                              5342     5342       5C         0
                text2                              5A94     5A94       D8         0
                text1                              6272     6272      96E         0
                text0                              6BE0     6BE0     1420         0
                cinit                              57B2     57B2       9E         0
                idataBANK2                         5B6C     5B6C       F0         0
                idataBANK1                         59C4     59C4       D0         0
                idataBANK0                         54CE     54CE       70         0
                idataCOMRAM                        5280     5280       14         0

        CLASS   CONST          

        CLASS   SMALLCONST     

        CLASS   MEDIUMCONST    

        CLASS   COMRAM         
                cstackCOMRAM                         4A       4A       1A         1
                dataCOMRAM                           64       64       14         1
                bssCOMRAM                             1        1       49         1

        CLASS   ABS1           

        CLASS   BIGRAM         

        CLASS   RAM            

        CLASS   BANK0          
                dataBANK0                            80       80       70         1
                bssBANK0                             F0       F0       10         1

        CLASS   BANK1          
                dataBANK1                           100      100       D0         1

        CLASS   BANK2          
                dataBANK2                           200      200       F0         1

        CLASS   BANK3          

        CLASS   BANK4          

        CLASS   BANK5          

        CLASS   SFR            

        CLASS   CONFIG         
                config                           300000   300000        E         4

        CLASS   IDLOC          
                idloc                            200000   200000        8         5

        CLASS   EEDATA         

        CLASS   FARRAM         



SEGMENTS        Name                           Load    Length   Top    Selector   Space  Class

                reset_vec                      000000  000004  000004         0       0  CODE    
                bssCOMRAM                      000001  000077  000078         1       1  COMRAM  
                dataBANK0                      000080  000080  000100        80       1  BANK0   
                dataBANK1                      000100  0000D0  0001D0       100       1  BANK1   
                dataBANK2                      000200  0000F0  0002F0       200       1  BANK2   
                text22                         005222  00000A  00522C      2911       0  CODE    
                text21                         00522C  00000A  005236      2916       0  CODE    
                text8                          005236  00000A  005240      291B       0  CODE    
                text9                          005240  00000C  00524C      2920       0  CODE    
                text5                          00524C  000010  00525C      2926       0  CODE    
                text4                          00525C  000010  00526C      292E       0  CODE    
                text13                         00526C  000014  005280      2936       0  CODE    
                idataCOMRAM                    005280  000014  005294      5280       0  CODE    
                text20                         005294  000018  0052AC      294A       0  CODE    
                text17                         0052AC  00001C  0052C8      2956       0  CODE    
                text11                         0052C8  000026  0052EE      2964       0  CODE    
                text18                         0052EE  000054  005342      2977       0  CODE    
                text3                          005342  00005C  00539E      29A1       0  CODE    
                text7                          00539E  000060  0053FE      29CF       0  CODE    
                text24                         0053FE  000064  005462      29FF       0  CODE    
                text10                         005462  00006C  0054CE      2A31       0  CODE    
                idataBANK0                     0054CE  000070  00553E      54CE       0  CODE    
                text12                         00553E  000074  0055B2      2A9F       0  CODE    
                text14                         0055B2  000078  00562A      2AD9       0  CODE    
                text16                         00562A  00007E  0056A8      2B15       0  CODE    
                text6                          0056A8  000082  00572A      2B54       0  CODE    
                text27                         00572A  000088  0057B2      2B95       0  CODE    
                cinit                          0057B2  00009E  005850      2BD9       0  CODE    
                text25                         005850  0000B0  005900      2C28       0  CODE    
                text26                         005900  0000C4  0059C4      2C80       0  CODE    
                idataBANK1                     0059C4  0000D0  005A94      59C4       0  CODE    
                text2                          005A94  0000D8  005B6C      2D4A       0  CODE    
                idataBANK2                     005B6C  0000F0  005C5C      5B6C       0  CODE    
                text23                         005C5C  00017A  005DD6      2E2E       0  CODE    
                text19                         005DD6  00024E  006024      2EEB       0  CODE    
                text15                         006024  00024E  006272      3012       0  CODE    
                text1                          006272  00096E  006BE0      3139       0  CODE    
                text0                          006BE0  001420  008000      35F0       0  CODE    


UNUSED ADDRESS RANGES

        Name                Unused          Largest block    Delta
        BANK1            0001D0-0001FF               30
        BANK2            0002F0-0002FF               10
        BANK3            000300-0003FF              100
        BANK4            000400-0004FF              100
        BANK5            000500-0005FF              100
        BIGRAM           000078-00007F                8
                         0001D0-0001FF               30
                         0002F0-0005FF              310
        CODE             000004-005221             521E
        COMRAM           000078-00007F                8
        CONST            000004-005221             521E
        EEDATA           F00000-F000FF              100
        MEDIUMCONST      000600-005221             4C22
        RAM              0001D0-0001FF               30
                         0002F0-0005FF              100
        SFR              000F80-000FFF               80
        SMALLCONST       000600-005221              100
        STACK            0002F0-0005FF              310

                                  Symbol Table

?___awdiv                  cstackCOMRAM 00004A
?___awmod                  cstackCOMRAM 00004A
?___llmod                  cstackCOMRAM 00004A
?___lwdiv                  cstackCOMRAM 00004A
?___wmul                   cstackCOMRAM 00004A
?_kpRead                   cstackCOMRAM 00004A
Delay2ms@i                 cstackCOMRAM 00004B
Delay40us@i                cstackCOMRAM 00004A
_Delay2ms                  text17       0052AC
_Delay40us                 text20       005294
_PORTA                     (abs)        000F80
_PORTB                     (abs)        000F81
_PORTC                     (abs)        000F82
_PORTCbits                 (abs)        000F82
_PORTD                     (abs)        000F83
_PORTE                     (abs)        000F84
_TRISA                     (abs)        000F92
_TRISB                     (abs)        000F93
_TRISC                     (abs)        000F94
_TRISCbits                 (abs)        000F94
_TRISD                     (abs)        000F95
_TRISE                     (abs)        000F96
__HRAM                     (abs)        000000
__Habs1                    abs1         000000
__Hbank0                   bank0        000000
__Hbank1                   bank1        000000
__Hbank2                   bank2        000000
__Hbank3                   bank3        000000
__Hbank4                   bank4        000000
__Hbank5                   bank5        000000
__Hbigbss                  bigbss       000000
__Hbigdata                 bigdata      000000
__Hbigram                  bigram       000000
__Hbss                     bss          000000
__HbssBANK0                bssBANK0     000000
__HbssCOMRAM               bssCOMRAM    000000
__Hcinit                   cinit        000000
__Hclrtext                 clrtext      000000
__Hcomram                  comram       000000
__Hconfig                  config       30000E
__Hconst                   const        000000
__HcstackCOMRAM            cstackCOMRAM 000000
__Hdata                    data         000000
__HdataBANK0               dataBANK0    000000
__HdataBANK1               dataBANK1    000000
__HdataBANK2               dataBANK2    000000
__HdataCOMRAM              dataCOMRAM   000000
__Heeprom_data             eeprom_data  000000
__Hfarbss                  farbss       000000
__Hfardata                 fardata      000000
__Hibigdata                ibigdata     000000
__Hidata                   idata        000000
__HidataBANK0              idataBANK0   000000
__HidataBANK1              idataBANK1   000000
__HidataBANK2              idataBANK2   000000
__HidataCOMRAM             idataCOMRAM  000000
__Hidloc                   idloc        200008
__Hifardata                ifardata     000000
__Hinit                    init         000004
__Hintcode                 intcode      000000
__Hintcode_body            intcode_body 000000
__Hintcodelo               intcodelo    000000
__Hintentry                intentry     000000
__Hintret                  intret       000000
__Hintsave_regs            intsave_regs 000000
__Hirdata                  irdata       000000
__Hmediumconst             mediumconst  000000
__HnvFARRAM                nvFARRAM     000000
__Hnvbit                   nvbit        000000
__Hnvrram                  nvrram       000000
__Hparam                   rparam       000000
__Hpowerup                 powerup      000000
__Hram                     ram          000000
__Hramtop                  ramtop       000600
__Hrbit                    rbit         000000
__Hrbss                    rbss         000000
__Hrdata                   rdata        000000
__Hreset_vec               reset_vec    000000
__Hrparam                  rparam       000000
__Hsfr                     sfr          000000
__Hsmallconst              smallconst   000000
__Hspace_0                 (abs)        008000
__Hspace_1                 (abs)        0002F0
__Hspace_2                 (abs)        000000
__Hspace_4                 (abs)        60000E
__Hstack                   stack        000000
__Hstruct                  struct       000000
__Htemp                    temp         000000
__Htext                    text         000000
__Htext0                   text0        000000
__Htext1                   text1        000000
__Htext10                  text10       000000
__Htext11                  text11       000000
__Htext12                  text12       000000
__Htext13                  text13       000000
__Htext14                  text14       000000
__Htext15                  text15       000000
__Htext16                  text16       000000
__Htext17                  text17       000000
__Htext18                  text18       000000
__Htext19                  text19       000000
__Htext2                   text2        000000
__Htext20                  text20       000000
__Htext21                  text21       000000
__Htext22                  text22       000000
__Htext23                  text23       000000
__Htext24                  text24       000000
__Htext25                  text25       000000
__Htext26                  text26       000000
__Htext27                  text27       000000
__Htext3                   text3        000000
__Htext4                   text4        000000
__Htext5                   text5        000000
__Htext6                   text6        000000
__Htext7                   text7        000000
__Htext8                   text8        000000
__Htext9                   text9        000000
__LRAM                     (abs)        000001
__Labs1                    abs1         000000
__Lbank0                   bank0        000000
__Lbank1                   bank1        000000
__Lbank2                   bank2        000000
__Lbank3                   bank3        000000
__Lbank4                   bank4        000000
__Lbank5                   bank5        000000
__Lbigbss                  bigbss       000000
__Lbigdata                 bigdata      000000
__Lbigram                  bigram       000000
__Lbss                     bss          000000
__LbssBANK0                bssBANK0     000000
__LbssCOMRAM               bssCOMRAM    000000
__Lcinit                   cinit        000000
__Lclrtext                 clrtext      000000
__Lcomram                  comram       000000
__Lconfig                  config       000000
__Lconst                   const        000000
__LcstackCOMRAM            cstackCOMRAM 000000
__Ldata                    data         000000
__LdataBANK0               dataBANK0    000000
__LdataBANK1               dataBANK1    000000
__LdataBANK2               dataBANK2    000000
__LdataCOMRAM              dataCOMRAM   000000
__Leeprom_data             eeprom_data  000000
__Lfarbss                  farbss       000000
__Lfardata                 fardata      000000
__Libigdata                ibigdata     000000
__Lidata                   idata        000000
__LidataBANK0              idataBANK0   000000
__LidataBANK1              idataBANK1   000000
__LidataBANK2              idataBANK2   000000
__LidataCOMRAM             idataCOMRAM  000000
__Lidloc                   idloc        000000
__Lifardata                ifardata     000000
__Linit                    init         000000
__Lintcode                 intcode      000000
__Lintcode_body            intcode_body 000000
__Lintcodelo               intcodelo    000000
__Lintentry                intentry     000000
__Lintret                  intret       000000
__Lintsave_regs            intsave_regs 000000
__Lirdata                  irdata       000000
__Lmediumconst             mediumconst  000000
__LnvFARRAM                nvFARRAM     000000
__Lnvbit                   nvbit        000000
__Lnvrram                  nvrram       000000
__Lparam                   rparam       000000
__Lpowerup                 powerup      000000
__Lram                     ram          000000
__Lramtop                  ramtop       000600
__Lrbit                    rbit         000000
__Lrbss                    rbss         000000
__Lrdata                   rdata        000000
__Lreset_vec               reset_vec    000000
__Lrparam                  rparam       000000
__Lsfr                     sfr          000000
__Lsmallconst              smallconst   000000
__Lspace_0                 (abs)        000000
__Lspace_1                 (abs)        000000
__Lspace_2                 (abs)        000000
__Lspace_4                 (abs)        000000
__Lstack                   stack        000000
__Lstruct                  struct       000000
__Ltemp                    temp         000000
__Ltext                    text         000000
__Ltext0                   text0        000000
__Ltext1                   text1        000000
__Ltext10                  text10       000000
__Ltext11                  text11       000000
__Ltext12                  text12       000000
__Ltext13                  text13       000000
__Ltext14                  text14       000000
__Ltext15                  text15       000000
__Ltext16                  text16       000000
__Ltext17                  text17       000000
__Ltext18                  text18       000000
__Ltext19                  text19       000000
__Ltext2                   text2        000000
__Ltext20                  text20       000000
__Ltext21                  text21       000000
__Ltext22                  text22       000000
__Ltext23                  text23       000000
__Ltext24                  text24       000000
__Ltext25                  text25       000000
__Ltext26                  text26       000000
__Ltext27                  text27       000000
__Ltext3                   text3        000000
__Ltext4                   text4        000000
__Ltext5                   text5        000000
__Ltext6                   text6        000000
__Ltext7                   text7        000000
__Ltext8                   text8        000000
__Ltext9                   text9        000000
__S0                       (abs)        008000
__S1                       (abs)        0002F0
__S2                       (abs)        000000
__S4                       (abs)        000000
__S5                       (abs)        000000
___awdiv                   text26       005900
___awdiv@counter           cstackCOMRAM 00004E
___awdiv@dividend          cstackCOMRAM 00004A
___awdiv@divisor           cstackCOMRAM 00004C
___awdiv@quotient          cstackCOMRAM 000050
___awdiv@sign              cstackCOMRAM 00004F
___awmod                   text25       005850
___awmod@counter           cstackCOMRAM 00004E
___awmod@dividend          cstackCOMRAM 00004A
___awmod@divisor           cstackCOMRAM 00004C
___awmod@sign              cstackCOMRAM 00004F
___inthi_sp                stack        000000
___intlo_sp                stack        000000
___llmod                   text27       00572A
___llmod@counter           cstackCOMRAM 000052
___llmod@dividend          cstackCOMRAM 00004A
___llmod@divisor           cstackCOMRAM 00004E
___lwdiv                   text12       00553E
___lwdiv@counter           cstackCOMRAM 000050
___lwdiv@dividend          cstackCOMRAM 00004A
___lwdiv@divisor           cstackCOMRAM 00004C
___lwdiv@quotient          cstackCOMRAM 00004E
___param_bank              (abs)        000000
___rparam_used             (abs)        000001
___sp                      stack        000000
___wmul                    text11       0052C8
___wmul@multiplicand       cstackCOMRAM 00004C
___wmul@multiplier         cstackCOMRAM 00004A
___wmul@product            cstackCOMRAM 00004E
__accesstop                (abs)        000080
__activetblptr             (abs)        000000
__end_of_Delay2ms          text17       0052C8
__end_of_Delay40us         text20       0052AC
__end_of___awdiv           text26       0059C4
__end_of___awmod           text25       005900
__end_of___llmod           text27       0057B2
__end_of___lwdiv           text12       0055B2
__end_of___wmul            text11       0052EE
__end_of__initialization   cinit        00584A
__end_of_atraso_ms         text24       005462
__end_of_delay             text7        0053FE
__end_of_digitalWrite      text19       006024
__end_of_getd              text9        00524C
__end_of_getu              text8        005240
__end_of_i2c_rb            text6        00572A
__end_of_i2c_start         text5        00525C
__end_of_i2c_stop          text4        00526C
__end_of_i2c_wb            text3        00539E
__end_of_kpDebounce        text23       005DD6
__end_of_kpInit            text22       00522C
__end_of_kpRead            text21       005236
__end_of_lcdCommand        text16       0056A8
__end_of_lcdData           text18       005342
__end_of_lcdInit           text14       00562A
__end_of_main              text0        008000
__end_of_pinMode           text15       006272
__end_of_pwmInit           text13       005280
__end_of_pwmSet1           text10       0054CE
__end_of_rtc_r             text2        005B6C
__end_of_tocarAlarme       text1        006BE0
__initialization           cinit        0057B2
__mediumconst              mediumconst  000000
__pbssBANK0                bssBANK0     0000F0
__pbssCOMRAM               bssCOMRAM    000001
__pcinit                   cinit        0057B2
__pcstackCOMRAM            cstackCOMRAM 00004A
__pdataBANK0               dataBANK0    000080
__pdataBANK1               dataBANK1    000100
__pdataBANK2               dataBANK2    000200
__pdataCOMRAM              dataCOMRAM   000064
__pidataBANK0              idataBANK0   0054CE
__pidataBANK1              idataBANK1   0059C4
__pidataBANK2              idataBANK2   005B6C
__pidataCOMRAM             idataCOMRAM  005280
__ptext0                   text0        006BE0
__ptext1                   text1        006272
__ptext10                  text10       005462
__ptext11                  text11       0052C8
__ptext12                  text12       00553E
__ptext13                  text13       00526C
__ptext14                  text14       0055B2
__ptext15                  text15       006024
__ptext16                  text16       00562A
__ptext17                  text17       0052AC
__ptext18                  text18       0052EE
__ptext19                  text19       005DD6
__ptext2                   text2        005A94
__ptext20                  text20       005294
__ptext21                  text21       00522C
__ptext22                  text22       005222
__ptext23                  text23       005C5C
__ptext24                  text24       0053FE
__ptext25                  text25       005850
__ptext26                  text26       005900
__ptext27                  text27       00572A
__ptext3                   text3        005342
__ptext4                   text4        00525C
__ptext5                   text5        00524C
__ptext6                   text6        0056A8
__ptext7                   text7        00539E
__ptext8                   text8        005236
__ptext9                   text9        005240
__ramtop                   ramtop       000600
__size_of_Delay2ms         (abs)        000000
__size_of_Delay40us        (abs)        000000
__size_of___awdiv          (abs)        000000
__size_of___awmod          (abs)        000000
__size_of___llmod          (abs)        000000
__size_of___lwdiv          (abs)        000000
__size_of___wmul           (abs)        000000
__size_of_atraso_ms        (abs)        000000
__size_of_delay            (abs)        000000
__size_of_digitalWrite     (abs)        000000
__size_of_getd             (abs)        000000
__size_of_getu             (abs)        000000
__size_of_i2c_rb           (abs)        000000
__size_of_i2c_start        (abs)        000000
__size_of_i2c_stop         (abs)        000000
__size_of_i2c_wb           (abs)        000000
__size_of_kpDebounce       (abs)        000000
__size_of_kpInit           (abs)        000000
__size_of_kpRead           (abs)        000000
__size_of_lcdCommand       (abs)        000000
__size_of_lcdData          (abs)        000000
__size_of_lcdInit          (abs)        000000
__size_of_main             (abs)        000000
__size_of_pinMode          (abs)        000000
__size_of_pwmInit          (abs)        000000
__size_of_pwmSet1          (abs)        000000
__size_of_rtc_r            (abs)        000000
__size_of_tocarAlarme      (abs)        000000
__smallconst               smallconst   000000
_atraso_ms                 text24       0053FE
_aux_alarm                 bssBANK0     0000F0
_aux_senha                 bssCOMRAM    000025
_aux_tempo                 bssCOMRAM    000031
_cont                      bssCOMRAM    00002D
_date                      bssCOMRAM    00001B
_delay                     text7        00539E
_digitalWrite              text19       005DD6
_getd                      text9        005240
_getu                      text8        005236
_h_alar                    bssCOMRAM    000037
_h_rel                     bssCOMRAM    00003D
_hor_alarm                 dataCOMRAM   000064
_hor_relo                  bssCOMRAM    000001
_i                         bssCOMRAM    000041
_i2c_rb                    text6        0056A8
_i2c_start                 text5        00524C
_i2c_stop                  text4        00525C
_i2c_wb                    text3        005342
_kpDebounce                text23       005C5C
_kpInit                    text22       005222
_kpRead                    text21       00522C
_lcdCommand                text16       00562A
_lcdData                   text18       0052EE
_lcdInit                   text14       0055B2
_m_alar                    bssCOMRAM    000035
_m_rel                     bssCOMRAM    00003B
_main                      text0        006BE0
_msg_ajus_alarm            dataBANK1    000180
_msg_ajus_tempo            dataBANK2    000270
_msg_alarm_ativ            dataBANK2    000200
_msg_alt_senha             dataBANK2    0002B0
_msg_luzes                 dataBANK0    0000C0
_msg_opc_alarm             dataBANK1    000140
_msg_principal             dataBANK1    0001B0
_msg_senha                 dataBANK0    000080
_msg_soneca                dataBANK1    000100
_pinMode                   text15       006024
_pos                       bssCOMRAM    00003F
_pwmInit                   text13       00526C
_pwmSet1                   text10       005462
_rtc_r                     text2        005A94
_s_alar                    bssCOMRAM    000033
_s_rel                     bssCOMRAM    000039
_senha                     bssCOMRAM    000029
_tecla                     dataCOMRAM   000076
_tempo_son                 dataCOMRAM   000074
_time                      bssCOMRAM    000011
_tocarAlarme               text1        006272
_valor                     bssCOMRAM    000047
atraso_ms@i                cstackCOMRAM 00004C
atraso_ms@j                cstackCOMRAM 00004E
atraso_ms@k                cstackCOMRAM 00004F
atraso_ms@valor            cstackCOMRAM 00004A
delay@i                    cstackCOMRAM 00004A
delay@j                    cstackCOMRAM 00004C
delay@k                    cstackCOMRAM 00004D
digitalWrite@pin           cstackCOMRAM 00004A
digitalWrite@value         cstackCOMRAM 00004C
end_of_initialization      cinit        00584A
getd@nn                    cstackCOMRAM 00004A
getu@nn                    cstackCOMRAM 00004A
i2c_rb@ack                 cstackCOMRAM 000050
i2c_rb@i                   cstackCOMRAM 000052
i2c_rb@ret                 cstackCOMRAM 000051
i2c_wb@i                   cstackCOMRAM 000051
i2c_wb@val                 cstackCOMRAM 000050
intlevel0                  text         000000
intlevel1                  text         000000
intlevel2                  text         000000
intlevel3                  text         000000
isa$std                    (abs)        000001
isa$xinst                  (abs)        000000
kpDebounce@i               cstackCOMRAM 000053
kpDebounce@j               cstackCOMRAM 000052
kpDebounce@k               cstackCOMRAM 000050
kpDebounce@old_D           cstackCOMRAM 00004F
kpDebounce@tempo           bssCOMRAM    000049
kpDebounce@valorAntigo     bssCOMRAM    000043
kpDebounce@valorNovo       bssCOMRAM    000045
lcdCommand@cmd             cstackCOMRAM 000051
lcdCommand@old_D           cstackCOMRAM 000050
lcdData@old_D              cstackCOMRAM 000051
lcdData@valor              cstackCOMRAM 000050
pinMode@pin                cstackCOMRAM 00004A
pinMode@type               cstackCOMRAM 00004C
pwmSet1@porcento           cstackCOMRAM 000053
pwmSet1@val                cstackCOMRAM 000054
rtc_r@tmp                  cstackCOMRAM 000053
stackhi                    (abs)        0005FF
stacklo                    (abs)        0002F0
start                      init         000000
start_initialization       cinit        0057B2
tocarAlarme@cont           cstackCOMRAM 00005E
tocarAlarme@i              cstackCOMRAM 000060
tocarAlarme@senha_digitada cstackCOMRAM 000058
tocarAlarme@tmp            cstackCOMRAM 00005C


MODULE INFORMATION

Module		Function		Class		Link	Load	Size
C:\Program Files\Microchip\xc8\v2.32\pic\sources\c99\common\awdiv.c
		___awdiv       		CODE           	5900	0000	196

C:\Program Files\Microchip\xc8\v2.32\pic\sources\c99\common\awdiv.c estimated size: 196

C:/Users/bruno/OneDrive/Documentos/ProgramacaoEmbarcada/projeto_final.X/io.c
		_digitalWrite  		CODE           	5DD6	0000	590
		_pinMode       		CODE           	6024	0000	590

C:/Users/bruno/OneDrive/Documentos/ProgramacaoEmbarcada/projeto_final.X/io.c estimated size: 1180

C:/Users/bruno/OneDrive/Documentos/ProgramacaoEmbarcada/projeto_final.X/lcd.c
		_lcdCommand    		CODE           	562A	0000	126
		_Delay40us     		CODE           	5294	0000	24
		_lcdInit       		CODE           	55B2	0000	120
		_lcdData       		CODE           	52EE	0000	84
		_Delay2ms      		CODE           	52AC	0000	28

C:/Users/bruno/OneDrive/Documentos/ProgramacaoEmbarcada/projeto_final.X/lcd.c estimated size: 382

C:/Users/bruno/OneDrive/Documentos/ProgramacaoEmbarcada/projeto_final.X/main.c
		_main          		CODE           	6BE0	0000	5152
		_tocarAlarme   		CODE           	6272	0000	2414

C:/Users/bruno/OneDrive/Documentos/ProgramacaoEmbarcada/projeto_final.X/main.c estimated size: 7566

C:/Users/bruno/OneDrive/Documentos/ProgramacaoEmbarcada/projeto_final.X/keypad.c
		_kpInit        		CODE           	5222	0000	10
		_kpDebounce    		CODE           	5C5C	0000	378
		_kpRead        		CODE           	522C	0000	10

C:/Users/bruno/OneDrive/Documentos/ProgramacaoEmbarcada/projeto_final.X/keypad.c estimated size: 398

C:\Program Files\Microchip\xc8\v2.32\pic\sources\c99\common\Umul16.c
		___wmul        		CODE           	52C8	0000	38

C:\Program Files\Microchip\xc8\v2.32\pic\sources\c99\common\Umul16.c estimated size: 38

C:\Program Files\Microchip\xc8\v2.32\pic\sources\c99\common\llmod.c
		___llmod       		CODE           	572A	0000	136

C:\Program Files\Microchip\xc8\v2.32\pic\sources\c99\common\llmod.c estimated size: 136

C:/Users/bruno/OneDrive/Documentos/ProgramacaoEmbarcada/projeto_final.X/atraso.c
		_atraso_ms     		CODE           	53FE	0000	100

C:/Users/bruno/OneDrive/Documentos/ProgramacaoEmbarcada/projeto_final.X/atraso.c estimated size: 100

shared
		__initialization		CODE           	57B2	0000	152

shared estimated size: 152

C:\Program Files\Microchip\xc8\v2.32\pic\sources\c99\common\awmod.c
		___awmod       		CODE           	5850	0000	176

C:\Program Files\Microchip\xc8\v2.32\pic\sources\c99\common\awmod.c estimated size: 176

C:/Users/bruno/OneDrive/Documentos/ProgramacaoEmbarcada/projeto_final.X/i2c.c
		_i2c_rb        		CODE           	56A8	0000	130
		_delay         		CODE           	539E	0000	96
		_i2c_start     		CODE           	524C	0000	16
		_i2c_stop      		CODE           	525C	0000	16
		_i2c_wb        		CODE           	5342	0000	92

C:/Users/bruno/OneDrive/Documentos/ProgramacaoEmbarcada/projeto_final.X/i2c.c estimated size: 350

C:\Program Files\Microchip\xc8\v2.32\pic\sources\c99\common\lwdiv.c
		___lwdiv       		CODE           	553E	0000	116

C:\Program Files\Microchip\xc8\v2.32\pic\sources\c99\common\lwdiv.c estimated size: 116

C:/Users/bruno/OneDrive/Documentos/ProgramacaoEmbarcada/projeto_final.X/pwm.c
		_pwmInit       		CODE           	526C	0000	20
		_pwmSet1       		CODE           	5462	0000	108

C:/Users/bruno/OneDrive/Documentos/ProgramacaoEmbarcada/projeto_final.X/pwm.c estimated size: 128

C:/Users/bruno/OneDrive/Documentos/ProgramacaoEmbarcada/projeto_final.X/rtc_r.c
		_getu          		CODE           	5236	0000	10
		_rtc_r         		CODE           	5A94	0000	216
		_getd          		CODE           	5240	0000	12

C:/Users/bruno/OneDrive/Documentos/ProgramacaoEmbarcada/projeto_final.X/rtc_r.c estimated size: 238

